---
source: crates/biome_js_analyze/tests/spec_tests.rs
expression: invalid-namesapce-imports.ts
---
# Input
```js
import * as A from "";
export { type A }
type AA = typeof A.Class;
let a: A.Type1;

```

# Diagnostics
```
invalid-namesapce-imports.ts:1:1 lint/nursery/useImportType  FIXABLE  ━━━━━━━━━━━━━━━━━━━━━━━━━━━━━━

  ! Some imports are only used as a type.
  
  > 1 │ import * as A from "";
      │ ^^^^^^^^^^^^^^^^^^^^^^
    2 │ export { type A }
    3 │ type AA = typeof A.Class;
  
  i Safe fix: Use import type.
  
    1 │ import·type·*·as·A·from·"";
      │        +++++               

```


